Nothing to build in platform 'spg_ecu_platform'

12:41:29 **** Incremental Build of configuration Debug for project spg_ecu_bringup ****
make all 
make --no-print-directory pre-build
a9-linaro-pre-build-step
' '
make --no-print-directory main-build
'Building file: ../src/helloworld.c'
'Invoking: ARM v7 gcc compiler'
arm-none-eabi-gcc -Wall -O0 -g3 -c -fmessage-length=0 -MT"src/helloworld.o" -mcpu=cortex-a9 -mfpu=vfpv3 -mfloat-abi=hard -IC:/Users/SidRay/Documents/topper/projs/git/spg_ecu/spg_ecu_platform/export/spg_ecu_platform/sw/spg_ecu_platform/standalone_domain/bspinclude/include -MMD -MP -MF"src/helloworld.d" -MT"src/helloworld.o" -o "src/helloworld.o" "../src/helloworld.c"
'Finished building: ../src/helloworld.c'
' '
'Building target: spg_ecu_bringup.elf'
'Invoking: ARM v7 gcc linker'
arm-none-eabi-gcc -mcpu=cortex-a9 -mfpu=vfpv3 -mfloat-abi=hard -Wl,-build-id=none -specs=Xilinx.spec -Wl,-T -Wl,../src/lscript.ld -LC:/Users/SidRay/Documents/topper/projs/git/spg_ecu/spg_ecu_platform/export/spg_ecu_platform/sw/spg_ecu_platform/standalone_domain/bsplib/lib -o "spg_ecu_bringup.elf"  ./src/helloworld.o ./src/platform.o   -Wl,--start-group,-lxil,-lgcc,-lc,--end-group
'Finished building target: spg_ecu_bringup.elf'
' '
'Invoking: ARM v7 Print Size'
arm-none-eabi-size spg_ecu_bringup.elf  |tee "spg_ecu_bringup.elf.size"
   text	   data	    bss	    dec	    hex	filename
  22024	   1144	  22568	  45736	   b2a8	spg_ecu_bringup.elf
'Finished building: spg_ecu_bringup.elf.size'
' '
